Info: Starting: Create simulation model
Info: qsys-generate C:\Users\sirap\OneDrive\Desktop\Pop\Work\OFDM_Project\FPGAV2\OFDMVerilogV2\NCO.qsys --simulation=VERILOG --allow-mixed-language-simulation --output-directory=C:\Users\sirap\OneDrive\Desktop\Pop\Work\OFDM_Project\FPGAV2\OFDMVerilogV2\NCO\simulation --family="Cyclone V" --part=5CEBA4F23C7
Progress: Loading OFDMVerilogV2/NCO.qsys
Progress: Reading input file
Progress: Adding nco_ii_0 [altera_nco_ii 18.1]
Progress: Parameterizing module nco_ii_0
Progress: Building connections
Progress: Parameterizing connections
Progress: Validating
Progress: Done reading input file
Info: NCO: Generating NCO "NCO" for SIM_VERILOG
Info: nco_ii_0: "NCO" instantiated altera_nco_ii "nco_ii_0"
Info: NCO: Done "NCO" with 2 modules, 24 files
Info: qsys-generate succeeded.
Info: Finished: Create simulation model
Info: Starting: Create Modelsim Project.
Info: sim-script-gen --spd=C:\Users\sirap\OneDrive\Desktop\Pop\Work\OFDM_Project\FPGAV2\OFDMVerilogV2\NCO\NCO.spd --output-directory=C:/Users/sirap/OneDrive/Desktop/Pop/Work/OFDM_Project/FPGAV2/OFDMVerilogV2/NCO/simulation/ --use-relative-paths=true
Info: Doing: ip-make-simscript --spd=C:\Users\sirap\OneDrive\Desktop\Pop\Work\OFDM_Project\FPGAV2\OFDMVerilogV2\NCO\NCO.spd --output-directory=C:/Users/sirap/OneDrive/Desktop/Pop/Work/OFDM_Project/FPGAV2/OFDMVerilogV2/NCO/simulation/ --use-relative-paths=true
Info: Generating the following file(s) for MODELSIM simulator in C:/Users/sirap/OneDrive/Desktop/Pop/Work/OFDM_Project/FPGAV2/OFDMVerilogV2/NCO/simulation/ directory:
Info: 	mentor/msim_setup.tcl
Info: Generating the following file(s) for VCS simulator in C:/Users/sirap/OneDrive/Desktop/Pop/Work/OFDM_Project/FPGAV2/OFDMVerilogV2/NCO/simulation/ directory:
Info: 	synopsys/vcs/vcs_setup.sh
Info: Generating the following file(s) for VCSMX simulator in C:/Users/sirap/OneDrive/Desktop/Pop/Work/OFDM_Project/FPGAV2/OFDMVerilogV2/NCO/simulation/ directory:
Info: 	synopsys/vcsmx/synopsys_sim.setup
Info: 	synopsys/vcsmx/vcsmx_setup.sh
Info: Generating the following file(s) for NCSIM simulator in C:/Users/sirap/OneDrive/Desktop/Pop/Work/OFDM_Project/FPGAV2/OFDMVerilogV2/NCO/simulation/ directory:
Info: 	cadence/cds.lib
Info: 	cadence/hdl.var
Info: 	cadence/ncsim_setup.sh
Info: 	1 .cds.lib files in cadence/cds_libs/ directory
Info: Generating the following file(s) for RIVIERA simulator in C:/Users/sirap/OneDrive/Desktop/Pop/Work/OFDM_Project/FPGAV2/OFDMVerilogV2/NCO/simulation/ directory:
Info: 	aldec/rivierapro_setup.tcl
Info: For information on how to simulate your IP, see the explanatory comments in the simulator-specific subdirectories under C:/Users/sirap/OneDrive/Desktop/Pop/Work/OFDM_Project/FPGAV2/OFDMVerilogV2/NCO/simulation/.
Info: Regenerate these scripts whenever you make any change to any Quartus-generated IP in your project.
Info: Finished: Create Modelsim Project.
Info: Starting: Create block symbol file (.bsf)
Info: qsys-generate C:\Users\sirap\OneDrive\Desktop\Pop\Work\OFDM_Project\FPGAV2\OFDMVerilogV2\NCO.qsys --block-symbol-file --output-directory=C:\Users\sirap\OneDrive\Desktop\Pop\Work\OFDM_Project\FPGAV2\OFDMVerilogV2\NCO --family="Cyclone V" --part=5CEBA4F23C7
Progress: Loading OFDMVerilogV2/NCO.qsys
Progress: Reading input file
Progress: Adding nco_ii_0 [altera_nco_ii 18.1]
Progress: Parameterizing module nco_ii_0
Progress: Building connections
Progress: Parameterizing connections
Progress: Validating
Progress: Done reading input file
Info: qsys-generate succeeded.
Info: Finished: Create block symbol file (.bsf)
Info: 
Info: Starting: Create HDL design files for synthesis
Info: qsys-generate C:\Users\sirap\OneDrive\Desktop\Pop\Work\OFDM_Project\FPGAV2\OFDMVerilogV2\NCO.qsys --synthesis=VERILOG --greybox --output-directory=C:\Users\sirap\OneDrive\Desktop\Pop\Work\OFDM_Project\FPGAV2\OFDMVerilogV2\NCO\synthesis --family="Cyclone V" --part=5CEBA4F23C7
Progress: Loading OFDMVerilogV2/NCO.qsys
Progress: Reading input file
Progress: Adding nco_ii_0 [altera_nco_ii 18.1]
Progress: Parameterizing module nco_ii_0
Progress: Building connections
Progress: Parameterizing connections
Progress: Validating
Progress: Done reading input file
Info: NCO: Generating NCO "NCO" for QUARTUS_SYNTH
Info: nco_ii_0: "NCO" instantiated altera_nco_ii "nco_ii_0"
Info: NCO: Done "NCO" with 2 modules, 15 files
Info: Generating third-party timing and resource estimation model ...
Info: Done generating third-party timing and resource estimation model.
Info: qsys-generate succeeded.
Info: Finished: Create HDL design files for synthesis
